// Jest Snapshot v1, https://goo.gl/fbAQLP

exports[`Details container displays the loading screen 1`] = `Promise {}`;
